[10:06:00] Sahil Sudiya JOIN
[11:00:00] Sahil Sudiya LEAVE
[10:06:00] khushbu JOIN
[11:00:00] khushbu LEAVE
[10:06:00] Sumit JOIN
[11:00:00] Sumit LEAVE
[10:06:00] Sandeep Barupal JOIN
[11:00:00] Sandeep Barupal LEAVE
[10:06:00] Rahul JOIN
[11:00:00] Rahul LEAVE
[10:06:00] Pooja Sudiya JOIN
[11:00:00] Pooja Sudiya LEAVE
[10:06:00] Anita Nayak JOIN
[11:00:00] Anita Nayak LEAVE
[10:00:00] ===== 2026-03-10 23:52:57 ===== JOIN
[11:00:00] ===== 2026-03-10 23:52:57 ===== LEAVE
[10:00:00] Total Members: 25 JOIN
[11:00:00] Total Members: 25 LEAVE
[10:00:00] 1. Vikas Nayak JOIN
[11:00:00] 1. Vikas Nayak LEAVE
[10:00:00] 2. A"dii Sunlay JOIN
[11:00:00] 2. A"dii Sunlay LEAVE
[10:00:00] 3. Gurpreet Singh 2 JOIN
[11:00:00] 3. Gurpreet Singh 2 LEAVE
[10:00:00] 4. Rajani Rani JOIN
[11:00:00] 4. Rajani Rani LEAVE
[10:00:00] 5. Tarachand JOIN
[11:00:00] 5. Tarachand LEAVE
[10:00:00] 6. Sunil kori JOIN
[11:00:00] 6. Sunil kori LEAVE
[10:00:00] 7. Gagan Chouhan JOIN
[11:00:00] 7. Gagan Chouhan LEAVE
[10:00:00] 8. Jaspal Byavat JOIN
[11:00:00] 8. Jaspal Byavat LEAVE
[10:00:00] 9. Harish Jaypal JOIN
[11:00:00] 9. Harish Jaypal LEAVE
[10:00:00] 10. Abhinav Bishnoi JOIN
[11:00:00] 10. Abhinav Bishnoi LEAVE
[10:00:00] 11. Arnav Bishnoi JOIN
[11:00:00] 11. Arnav Bishnoi LEAVE
[10:00:00] 12. Prem Kumar JOIN
[11:00:00] 12. Prem Kumar LEAVE
[10:00:00] 13. Himanshu Nayak JOIN
[11:00:00] 13. Himanshu Nayak LEAVE
[10:00:00] 14. RAJESH NAYAK JOIN
[11:00:00] 14. RAJESH NAYAK LEAVE
[10:00:00] 15. Poonam Kumari JOIN
[11:00:00] 15. Poonam Kumari LEAVE
[10:00:00] 16. Dinesh kumar JOIN
[11:00:00] 16. Dinesh kumar LEAVE
[10:00:00] 17. Sahil Sudiya JOIN
[11:00:00] 17. Sahil Sudiya LEAVE
[10:00:00] 18. khushbu JOIN
[11:00:00] 18. khushbu LEAVE
[10:00:00] 19. Sumit JOIN
[11:00:00] 19. Sumit LEAVE
[10:00:00] 20. SH|VAM-B|SHNOI JOIN
[11:00:00] 20. SH|VAM-B|SHNOI LEAVE
[10:00:00] 21. Sandeep Barupal JOIN
[11:00:00] 21. Sandeep Barupal LEAVE
[10:00:00] 22. Rahul JOIN
[11:00:00] 22. Rahul LEAVE
[10:00:00] 23. Pooja Sudiya JOIN
[11:00:00] 23. Pooja Sudiya LEAVE
[10:00:00] 24. Anita Nayak JOIN
[11:00:00] 24. Anita Nayak LEAVE
[10:00:00] 25. Harpreet Singh JOIN
[11:00:00] 25. Harpreet Singh LEAVE
[10:00:00] (Reset from corrected Trigger Block 3 data) JOIN
[11:00:00] (Reset from corrected Trigger Block 3 data) LEAVE
[10:00:00] Vikas Nayak JOIN
[11:00:00] Vikas Nayak LEAVE
[10:00:00] A"dii Sunlay JOIN
[11:00:00] A"dii Sunlay LEAVE
[10:00:00] Gurpreet Singh 2 JOIN
[11:00:00] Gurpreet Singh 2 LEAVE
[10:00:00] Rajani Rani JOIN
[11:00:00] Rajani Rani LEAVE
[10:00:00] Tarachand JOIN
[11:00:00] Tarachand LEAVE
[10:00:00] Sunil kori JOIN
[11:00:00] Sunil kori LEAVE
[10:00:00] Gagan Chouhan JOIN
[11:00:00] Gagan Chouhan LEAVE
[10:00:00] Jaspal Byavat JOIN
[11:00:00] Jaspal Byavat LEAVE
[10:00:00] Harish Jaypal JOIN
[11:00:00] Harish Jaypal LEAVE
[10:00:00] Abhinav Bishnoi JOIN
[11:00:00] Abhinav Bishnoi LEAVE
[10:00:00] Arnav Bishnoi JOIN
[11:00:00] Arnav Bishnoi LEAVE
[10:00:00] Prem Kumar JOIN
[11:00:00] Prem Kumar LEAVE
[10:00:00] Himanshu Nayak JOIN
[11:00:00] Himanshu Nayak LEAVE
[10:00:00] RAJESH NAYAK JOIN
[11:00:00] RAJESH NAYAK LEAVE
[10:00:00] Poonam Kumari JOIN
[11:00:00] Poonam Kumari LEAVE
[10:00:00] Dinesh kumar JOIN
[11:00:00] Dinesh kumar LEAVE
[10:00:00] SH|VAM-B|SHNOI JOIN
[11:00:00] SH|VAM-B|SHNOI LEAVE
[10:00:00] Harpreet Singh JOIN
[11:00:00] Harpreet Singh LEAVE
