[10:06:00] Rahul JOIN
[11:00:00] Rahul LEAVE
[10:06:00] Aira JOIN
[11:00:00] Aira LEAVE
[10:06:00] Poonam Kumari JOIN
[11:00:00] Poonam Kumari LEAVE
[10:06:00] Gurpreet Singh 2 JOIN
[11:00:00] Gurpreet Singh 2 LEAVE
[10:06:00] Gagan Chouhan JOIN
[11:00:00] Gagan Chouhan LEAVE
[10:06:00] Sumit Kumar JOIN
[11:00:00] Sumit Kumar LEAVE
[10:00:00] Vikas Nayak (Me) JOIN
[11:00:00] Vikas Nayak (Me) LEAVE
[10:00:00] Dinesh Kumar JOIN
[11:00:00] Dinesh Kumar LEAVE
[10:00:00] Ajay Nayak JOIN
[11:00:00] Ajay Nayak LEAVE
[10:00:00] Namchand Nayak JOIN
[11:00:00] Namchand Nayak LEAVE
[10:00:00] Pooja Sudiya JOIN
[11:00:00] Pooja Sudiya LEAVE
[10:00:00] Arnav Bishnoi JOIN
[11:00:00] Arnav Bishnoi LEAVE
[10:00:00] Sunil Kori JOIN
[11:00:00] Sunil Kori LEAVE
[10:00:00] Anita Nayak JOIN
[11:00:00] Anita Nayak LEAVE
[10:00:00] Harpreet Singh JOIN
[11:00:00] Harpreet Singh LEAVE
[10:00:00] Khushbu JOIN
[11:00:00] Khushbu LEAVE
[10:00:00] Sandeep Barupal JOIN
[11:00:00] Sandeep Barupal LEAVE
[10:00:00] Sahil Sudiya JOIN
[11:00:00] Sahil Sudiya LEAVE
[10:00:00] Jaspal Byavat JOIN
[11:00:00] Jaspal Byavat LEAVE
[10:00:00] Tarachand Lohara JOIN
[11:00:00] Tarachand Lohara LEAVE
[10:00:00] Himanshu Nayak JOIN
[11:00:00] Himanshu Nayak LEAVE
