[10:06:00] Abhinav Bishnoi JOIN
[11:00:00] Abhinav Bishnoi LEAVE
[10:06:00] Himanshu Nayak JOIN
[11:00:00] Himanshu Nayak LEAVE
[10:06:00] Sunil Kori JOIN
[11:00:00] Sunil Kori LEAVE
[10:06:00] Ajay Nayak JOIN
[11:00:00] Ajay Nayak LEAVE
[10:06:00] Prem Kumar JOIN
[11:00:00] Prem Kumar LEAVE
[10:06:00] Darsh Bishnoi JOIN
[11:00:00] Darsh Bishnoi LEAVE
[10:00:00] Vikas Nayak JOIN
[11:00:00] Vikas Nayak LEAVE
[10:00:00] A'dii Sunlay JOIN
[11:00:00] A'dii Sunlay LEAVE
[10:00:00] Pooja Sudiya JOIN
[11:00:00] Pooja Sudiya LEAVE
[10:00:00] Anita Nayak JOIN
[11:00:00] Anita Nayak LEAVE
[10:00:00] Rajani Rani JOIN
[11:00:00] Rajani Rani LEAVE
[10:00:00] Tarachand Lohara JOIN
[11:00:00] Tarachand Lohara LEAVE
[10:00:00] Poonam Kumari JOIN
[11:00:00] Poonam Kumari LEAVE
[10:00:00] Arnav Bishnoi JOIN
[11:00:00] Arnav Bishnoi LEAVE
[10:00:00] Gagan Nayak JOIN
[11:00:00] Gagan Nayak LEAVE
[10:00:00] Pooja Nayak JOIN
[11:00:00] Pooja Nayak LEAVE
[10:00:00] Raju Singh JOIN
[11:00:00] Raju Singh LEAVE
[10:00:00] Mamta Nayak JOIN
[11:00:00] Mamta Nayak LEAVE
[10:00:00] Dinesh Kumar JOIN
[11:00:00] Dinesh Kumar LEAVE
[10:00:00] Sahiram Nayak JOIN
[11:00:00] Sahiram Nayak LEAVE
[10:00:00] Rajesh Nayak JOIN
[11:00:00] Rajesh Nayak LEAVE
[10:00:00] Sandeep Barupal JOIN
[11:00:00] Sandeep Barupal LEAVE
[10:00:00] Bhavishya Jiyani JOIN
[11:00:00] Bhavishya Jiyani LEAVE
