[10:02:44] Poonam Kumari JOIN
[10:55:16] Poonam Kumari LEAVE
[10:02:36] Nitesh Aggrwal JOIN
[10:57:14] Nitesh Aggrwal LEAVE
[10:01:17] Gagan Kumar JOIN
[10:55:27] Gagan Kumar LEAVE
[10:00:06] Pawan Meghwal JOIN
[10:57:05] Pawan Meghwal LEAVE
[10:01:35] Vikas Nayak JOIN
[10:57:13] Vikas Nayak LEAVE
[10:01:48] Navraj Singh JOIN
[10:50:30] Navraj Singh LEAVE
[10:02:16] Gagan Chouhan JOIN
[10:59:03] Gagan Chouhan LEAVE
[09:59:46] Jaspal Byavat JOIN
[10:54:37] Jaspal Byavat LEAVE
[10:00:03] Paras Aggrwal JOIN
[10:56:24] Paras Aggrwal LEAVE
[10:02:11] Sahiram Nayak JOIN
[10:56:23] Sahiram Nayak LEAVE
[10:02:52] Sandeep Barupal JOIN
[10:52:11] Sandeep Barupal LEAVE
[10:08:22] Rajesh Nayak JOIN
[10:55:48] Rajesh Nayak LEAVE
[10:01:44] Yogesh Khand JOIN
[10:50:02] Yogesh Khand LEAVE
[10:02:54] Shyo Chand JOIN
[10:53:50] Shyo Chand LEAVE
[10:00:40] Rajani Rani JOIN
[10:51:19] Rajani Rani LEAVE
[09:59:54] Mandeep Kaur JOIN
[10:58:08] Mandeep Kaur LEAVE
[10:08:43] Gurpreet Singh JOIN
[10:52:48] Gurpreet Singh LEAVE
[10:02:47] Pawan Kumar JOIN
[10:53:30] Pawan Kumar LEAVE
[10:03:29] Aira JOIN
[10:50:59] Aira LEAVE
[09:59:35] Tarachand JOIN
[10:58:03] Tarachand LEAVE
[10:01:46] Prem Kumar JOIN
[10:54:12] Prem Kumar LEAVE
[10:13:25] Sapna JOIN
[10:57:19] Sapna LEAVE
[10:01:44] Dinesh Kumar JOIN
[10:51:28] Dinesh Kumar LEAVE
[10:03:49] Ajay Nayak JOIN
[10:58:12] Ajay Nayak LEAVE
[10:02:02] Sunil Kori JOIN
[10:51:21] Sunil Kori LEAVE
[10:00:48] Abhinav Bishnoi JOIN
[10:53:38] Abhinav Bishnoi LEAVE
