[10:06:00] Anita Nayak JOIN
[11:00:00] Anita Nayak LEAVE
[10:06:00] Himanshu Nayak JOIN
[11:00:00] Himanshu Nayak LEAVE
[10:06:00] anil JOIN
[11:00:00] anil LEAVE
[10:00:00] Vikas Nayak JOIN
[11:00:00] Vikas Nayak LEAVE
[10:00:00] A'di Sunlay JOIN
[11:00:00] A'di Sunlay LEAVE
[10:00:00] Arnav Bishnoi JOIN
[11:00:00] Arnav Bishnoi LEAVE
[10:00:00] Sunil Kori JOIN
[11:00:00] Sunil Kori LEAVE
[10:00:00] Tarachand Lohara JOIN
[11:00:00] Tarachand Lohara LEAVE
[10:00:00] Harish Jaypal JOIN
[11:00:00] Harish Jaypal LEAVE
[10:00:00] Rajani Rani JOIN
[11:00:00] Rajani Rani LEAVE
[10:00:00] Yogesh Khand JOIN
[11:00:00] Yogesh Khand LEAVE
[10:00:00] Sandeep Barupal JOIN
[11:00:00] Sandeep Barupal LEAVE
[10:00:00] Harpreet Singh JOIN
[11:00:00] Harpreet Singh LEAVE
[10:00:00] Raju Singh JOIN
[11:00:00] Raju Singh LEAVE
[10:00:00] Gurpreet Singh 2 JOIN
[11:00:00] Gurpreet Singh 2 LEAVE
[10:00:00] Gagan Nayak JOIN
[11:00:00] Gagan Nayak LEAVE
[10:00:00] Sumit Kumar JOIN
[11:00:00] Sumit Kumar LEAVE
[10:00:00] Pawan Bhati JOIN
[11:00:00] Pawan Bhati LEAVE
[10:00:00] Prem Kumar JOIN
[11:00:00] Prem Kumar LEAVE
[10:00:00] khushbu JOIN
[11:00:00] khushbu LEAVE
[10:00:00] Nitesh Aggrwal JOIN
[11:00:00] Nitesh Aggrwal LEAVE
[10:00:00] Pawan Meghwal JOIN
[11:00:00] Pawan Meghwal LEAVE
[10:00:00] Dinesh Kumar JOIN
[11:00:00] Dinesh Kumar LEAVE
[10:00:00] Rajesh Nayak JOIN
[11:00:00] Rajesh Nayak LEAVE
[10:00:00] Paras Aggrwal JOIN
[11:00:00] Paras Aggrwal LEAVE
[10:00:00] Poonam Kumari JOIN
[11:00:00] Poonam Kumari LEAVE
[10:00:00] Rahul JOIN
[11:00:00] Rahul LEAVE
[10:00:00] Shyo Chand JOIN
[11:00:00] Shyo Chand LEAVE
