[10:06:00] Navraj Singh JOIN
[11:00:00] Navraj Singh LEAVE
[10:06:00] Rajesh Nayak JOIN
[11:00:00] Rajesh Nayak LEAVE
[10:06:00] Aira JOIN
[11:00:00] Aira LEAVE
[10:06:00] Jaspal Byavat JOIN
[11:00:00] Jaspal Byavat LEAVE
[10:06:00] Viran Nayak JOIN
[11:00:00] Viran Nayak LEAVE
[10:00:00] Vikas Nayak JOIN
[11:00:00] Vikas Nayak LEAVE
[10:00:00] A'dii Sunlay JOIN
[11:00:00] A'dii Sunlay LEAVE
[10:00:00] Ajay Nayak JOIN
[11:00:00] Ajay Nayak LEAVE
[10:00:00] Anita Nayak JOIN
[11:00:00] Anita Nayak LEAVE
[10:00:00] Abhinav Bishnoi JOIN
[11:00:00] Abhinav Bishnoi LEAVE
[10:00:00] Pawan Meghwal JOIN
[11:00:00] Pawan Meghwal LEAVE
[10:00:00] Harpreet Singh JOIN
[11:00:00] Harpreet Singh LEAVE
[10:00:00] Khushbu Rani JOIN
[11:00:00] Khushbu Rani LEAVE
[10:00:00] Nitesh Aggrwal JOIN
[11:00:00] Nitesh Aggrwal LEAVE
[10:00:00] Paras Aggrwal JOIN
[11:00:00] Paras Aggrwal LEAVE
[10:00:00] Parveen Kumar JOIN
[11:00:00] Parveen Kumar LEAVE
[10:00:00] Pooja Nayak JOIN
[11:00:00] Pooja Nayak LEAVE
[10:00:00] Poonam Kumari JOIN
[11:00:00] Poonam Kumari LEAVE
[10:00:00] Prem Kumar JOIN
[11:00:00] Prem Kumar LEAVE
[10:00:00] Rajani Rani JOIN
[11:00:00] Rajani Rani LEAVE
[10:00:00] Sahiram Nayak JOIN
[11:00:00] Sahiram Nayak LEAVE
[10:00:00] Sandeep Barupal JOIN
[11:00:00] Sandeep Barupal LEAVE
[10:00:00] Sunil Kori JOIN
[11:00:00] Sunil Kori LEAVE
[10:00:00] Tarachand Lohara JOIN
[11:00:00] Tarachand Lohara LEAVE
[10:00:00] Dinesh Kumar JOIN
[11:00:00] Dinesh Kumar LEAVE
[10:00:00] Rohit Kumar JOIN
[11:00:00] Rohit Kumar LEAVE
[10:00:00] Krishan Lal JOIN
[11:00:00] Krishan Lal LEAVE
[10:00:00] Sahil Sudiya JOIN
[11:00:00] Sahil Sudiya LEAVE
[10:00:00] Pooja Sudiya JOIN
[11:00:00] Pooja Sudiya LEAVE
[10:00:00] Mamta Nayak JOIN
[11:00:00] Mamta Nayak LEAVE
[10:00:00] Harish Jaypal JOIN
[11:00:00] Harish Jaypal LEAVE
[10:00:00] Vishvjeet Singh JOIN
[11:00:00] Vishvjeet Singh LEAVE
